C:/Users/cheik/OneDrive/Documents/Rangement/Internship/STM32CubeF7-master/Projects/STM32746G-Discovery/Examples/BSP/Src/sdram_dma.c:56:6:SDRAM_DMA_demo	16	static,ignoring_inline_asm
C:/Users/cheik/OneDrive/Documents/Rangement/Internship/STM32CubeF7-master/Projects/STM32746G-Discovery/Examples/BSP/Src/sdram_dma.c:135:6:HAL_SDRAM_DMA_XferCpltCallback	0	static
C:/Users/cheik/OneDrive/Documents/Rangement/Internship/STM32CubeF7-master/Projects/STM32746G-Discovery/Examples/BSP/Src/sdram_dma.c:147:6:HAL_SDRAM_DMA_XferErrorCallback	8	static
