C:/Users/cheik/OneDrive/Documents/Rangement/Internship/STM32CubeF7-master/Drivers/STM32F7xx_HAL_Driver/Src/stm32f7xx_hal_nor.c:347:13:HAL_NOR_MspInit	0	static
C:/Users/cheik/OneDrive/Documents/Rangement/Internship/STM32CubeF7-master/Drivers/STM32F7xx_HAL_Driver/Src/stm32f7xx_hal_nor.c:363:13:HAL_NOR_MspDeInit	0	static
C:/Users/cheik/OneDrive/Documents/Rangement/Internship/STM32CubeF7-master/Drivers/STM32F7xx_HAL_Driver/Src/stm32f7xx_hal_nor.c:314:19:HAL_NOR_DeInit	8	static
C:/Users/cheik/OneDrive/Documents/Rangement/Internship/STM32CubeF7-master/Drivers/STM32F7xx_HAL_Driver/Src/stm32f7xx_hal_nor.c:380:13:HAL_NOR_MspWait	0	static
C:/Users/cheik/OneDrive/Documents/Rangement/Internship/STM32CubeF7-master/Drivers/STM32F7xx_HAL_Driver/Src/stm32f7xx_hal_nor.c:416:19:HAL_NOR_Read_ID	16	static,ignoring_inline_asm
C:/Users/cheik/OneDrive/Documents/Rangement/Internship/STM32CubeF7-master/Drivers/STM32F7xx_HAL_Driver/Src/stm32f7xx_hal_nor.c:503:19:HAL_NOR_ReturnToReadMode	0	static,ignoring_inline_asm
C:/Users/cheik/OneDrive/Documents/Rangement/Internship/STM32CubeF7-master/Drivers/STM32F7xx_HAL_Driver/Src/stm32f7xx_hal_nor.c:228:19:HAL_NOR_Init	16	static,ignoring_inline_asm
C:/Users/cheik/OneDrive/Documents/Rangement/Internship/STM32CubeF7-master/Drivers/STM32F7xx_HAL_Driver/Src/stm32f7xx_hal_nor.c:577:19:HAL_NOR_Read	20	static,ignoring_inline_asm
C:/Users/cheik/OneDrive/Documents/Rangement/Internship/STM32CubeF7-master/Drivers/STM32F7xx_HAL_Driver/Src/stm32f7xx_hal_nor.c:660:19:HAL_NOR_Program	16	static,ignoring_inline_asm
C:/Users/cheik/OneDrive/Documents/Rangement/Internship/STM32CubeF7-master/Drivers/STM32F7xx_HAL_Driver/Src/stm32f7xx_hal_nor.c:742:19:HAL_NOR_ReadBuffer	20	static,ignoring_inline_asm
C:/Users/cheik/OneDrive/Documents/Rangement/Internship/STM32CubeF7-master/Drivers/STM32F7xx_HAL_Driver/Src/stm32f7xx_hal_nor.c:836:19:HAL_NOR_ProgramBuffer	20	static,ignoring_inline_asm
C:/Users/cheik/OneDrive/Documents/Rangement/Internship/STM32CubeF7-master/Drivers/STM32F7xx_HAL_Driver/Src/stm32f7xx_hal_nor.c:946:19:HAL_NOR_Erase_Block	16	static,ignoring_inline_asm
C:/Users/cheik/OneDrive/Documents/Rangement/Internship/STM32CubeF7-master/Drivers/STM32F7xx_HAL_Driver/Src/stm32f7xx_hal_nor.c:1030:19:HAL_NOR_Erase_Chip	8	static,ignoring_inline_asm
C:/Users/cheik/OneDrive/Documents/Rangement/Internship/STM32CubeF7-master/Drivers/STM32F7xx_HAL_Driver/Src/stm32f7xx_hal_nor.c:1107:19:HAL_NOR_Read_CFI	16	static,ignoring_inline_asm
C:/Users/cheik/OneDrive/Documents/Rangement/Internship/STM32CubeF7-master/Drivers/STM32F7xx_HAL_Driver/Src/stm32f7xx_hal_nor.c:1293:19:HAL_NOR_WriteOperation_Enable	16	static
C:/Users/cheik/OneDrive/Documents/Rangement/Internship/STM32CubeF7-master/Drivers/STM32F7xx_HAL_Driver/Src/stm32f7xx_hal_nor.c:1327:19:HAL_NOR_WriteOperation_Disable	8	static
C:/Users/cheik/OneDrive/Documents/Rangement/Internship/STM32CubeF7-master/Drivers/STM32F7xx_HAL_Driver/Src/stm32f7xx_hal_nor.c:1380:22:HAL_NOR_GetState	0	static
C:/Users/cheik/OneDrive/Documents/Rangement/Internship/STM32CubeF7-master/Drivers/STM32F7xx_HAL_Driver/Src/stm32f7xx_hal_nor.c:1394:23:HAL_NOR_GetStatus	24	static,ignoring_inline_asm
